1646920795|0.11|0.08|0|99.78|0.22
1646920855|0.05|0.05|0|99.89|0.11
1646920915|0.06|0.10|0|99.81|0.19
1646921167|0.26|0.15|0|99.59|0.41
