1646753357|0.06|0.12|0|99.81|0.19
1646753417|0.06|0.09|0|99.84|0.16
1646753477|0.06|0.09|0|99.83|0.17
1646753537|0.08|0.09|0|99.81|0.19
1646753597|0.10|0.12|0|99.77|0.23
1646753657|0.06|0.10|0|99.82|0.18
1646753717|0.08|0.10|0|99.80|0.20
1646753777|0.08|0.05|0|99.85|0.15
1646753837|0.07|0.09|0|99.82|0.18
1646753897|0.07|0.08|0|99.84|0.16
1646753957|0.06|0.12|0|99.81|0.19
1646754017|0.07|0.09|0|99.83|0.17
1646754077|0.07|0.09|0|99.82|0.18
1646754137|0.08|0.08|0|99.83|0.17
1646754197|0.05|0.08|0|99.86|0.14
1646754257|0.06|0.10|0|99.83|0.17
1646754317|0.06|0.07|0|99.86|0.14
1646754377|0.07|0.07|0|99.86|0.14
1646754437|0.05|0.06|0|99.88|0.12
1646754497|0.07|0.04|0|99.88|0.12
1646754557|0.05|0.09|0|99.85|0.15
1646754617|0.07|0.08|0|99.83|0.17
1646754677|0.07|0.06|0|99.85|0.15
1646754737|0.07|0.04|0|99.87|0.13
1646754797|0.06|0.08|0|99.86|0.14
1646754857|0.06|0.06|0|99.87|0.13
1646754917|0.08|0.06|0|99.85|0.15
1646754977|0.06|0.07|0|99.86|0.14
1646755037|0.06|0.09|0|99.83|0.17
1646755097|0.06|0.03|0|99.90|0.10
1646756739|0.10|0.16|0|99.72|0.28
1646756799|0.18|0.14|0|99.65|0.35
1646756859|0.21|0.21|0|99.54|0.46
1646756919|0.25|0.19|0|99.52|0.48
1646756979|0.26|0.21|0|99.48|0.52
1646757039|0.26|0.19|0|99.49|0.51
1646757099|0.23|0.20|0|99.52|0.48
1646757159|0.24|0.18|0|99.52|0.48
1646757219|0.26|0.18|0|99.51|0.49
1646757279|0.25|0.17|0|99.52|0.48
1646757339|0.21|0.19|0|99.55|0.45
1646757399|0.23|0.20|0|99.48|0.52
1646757459|0.25|0.19|0|99.47|0.53
1646757519|0.26|0.13|0|99.55|0.45
1646757579|0.24|0.20|0|99.52|0.48
1646757639|0.26|0.19|0|99.52|0.48
1646757699|0.23|0.19|0|99.53|0.47
1646757759|0.24|0.17|0|99.55|0.45
1646757819|0.24|0.19|0|99.52|0.48
1646757879|0.26|0.18|0|99.52|0.48
1646757939|0.24|0.19|0|99.52|0.48
1646757999|0.22|0.17|0|99.52|0.48
1646758059|0.25|0.17|0|99.53|0.47
1646758119|0.22|0.19|0|99.54|0.46
1646758179|0.25|0.16|0|99.50|0.50
1646758239|0.22|0.18|0|99.53|0.47
1646758299|0.25|0.18|0|99.50|0.50
1646758359|0.23|0.17|0|99.52|0.48
1646758419|0.25|0.17|0|99.48|0.52
1646758480|0.23|0.16|0|99.50|0.50
1646758540|0.28|0.19|0|99.49|0.51
1646832986|0.19|0.14|0|99.62|0.38
1646833046|0.03|0.05|0|99.91|0.09
1646833106|0.02|0.02|0|99.94|0.06
1646833166|0.02|0.04|0|99.87|0.13
1646833226|0.02|0.02|0|99.95|0.05
1646833286|0.04|0.07|0|99.88|0.12
1646833346|0.05|0.03|0|99.91|0.09
1646833406|0.06|0.08|0|99.85|0.15
1646833466|0.05|0.07|0|99.87|0.13
1646833526|0.04|0.06|0|99.89|0.11
1646833586|0.05|0.04|0|99.90|0.10
1646833646|0.06|0.06|0|99.86|0.14
1646833706|0.07|0.06|0|99.86|0.14
1646833766|0.07|0.06|0|99.86|0.14
1646833826|0.06|0.06|0|99.87|0.13
1646833886|0.08|0.07|0|99.83|0.17
1646833946|0.06|0.08|0|99.84|0.16
1646834006|0.08|0.11|0|99.79|0.21
1646834066|0.08|0.06|0|99.84|0.16
1646834126|0.08|0.08|0|99.83|0.17
1646834186|0.07|0.08|0|99.84|0.16
1646834246|0.06|0.07|0|99.86|0.14
1646834306|0.06|0.03|0|99.90|0.10
1646834366|0.06|0.05|0|99.88|0.12
1646834426|0.05|0.04|0|99.89|0.11
1646834486|0.05|0.07|0|99.87|0.13
1646834546|0.04|0.06|0|99.89|0.11
1646834606|0.05|0.09|0|99.84|0.16
1646834666|0.08|0.07|0|99.84|0.16
1646834726|0.06|0.10|0|99.82|0.18
1646834786|0.07|0.07|0|99.86|0.14
1646834846|0.08|0.07|0|99.84|0.16
1646834907|0.07|0.05|0|99.87|0.13
1646834967|0.08|0.10|0|99.81|0.19
1646835027|0.06|0.06|0|99.88|0.12
1646835087|0.05|0.07|0|99.87|0.13
1646835147|0.05|0.04|0|99.90|0.10
1646835207|0.06|0.08|0|99.85|0.15
1646835267|0.06|0.07|0|99.86|0.14
1646835327|0.04|0.05|0|99.89|0.11
1646835387|0.03|0.04|0|99.91|0.09
1646835447|0.06|0.08|0|99.85|0.15
1646835507|0.06|0.07|0|99.86|0.14
1646835567|0.08|0.15|0|99.75|0.25
1646835627|0.08|0.11|0|99.79|0.21
1646835687|0.08|0.10|0|99.80|0.20
1646835747|0.07|0.12|0|99.78|0.22
1646835807|0.07|0.12|0|99.80|0.20
1646835867|0.11|0.33|0|99.52|0.48
1646835927|0.07|0.09|0|99.82|0.18
1646835987|0.09|0.15|0|99.75|0.25
1646836047|0.05|0.03|0|99.90|0.10
1646836107|0.11|0.14|0|99.73|0.27
1646836167|0.15|0.10|0|99.74|0.26
1646836227|0.06|0.10|0|99.83|0.17
1646836287|0.07|0.06|0|99.86|0.14
1646836347|0.07|0.11|0|99.80|0.20
1646836407|0.06|0.06|0|99.86|0.14
1646836467|0.08|0.07|0|99.84|0.16
1646836527|0.06|0.07|0|99.86|0.14
1646836587|0.19|0.32|0|99.45|0.55
1646836647|0.08|0.04|0|99.86|0.14
1646836707|0.07|0.09|0|99.82|0.18
1646836767|0.10|0.05|0|99.83|0.17
1646836827|0.09|0.11|0|99.79|0.21
1646836887|0.06|0.06|0|99.87|0.13
1646836947|0.06|0.06|0|99.87|0.13
1646837007|0.06|0.07|0|99.86|0.14
1646837067|0.06|0.03|0|99.89|0.11
1646837127|0.07|0.07|0|99.83|0.17
1646837187|0.06|0.03|0|99.89|0.11
1646837247|0.06|0.08|0|99.85|0.15
1646837307|0.07|0.05|0|99.86|0.14
1646837367|0.06|0.07|0|99.85|0.15
1646837427|0.06|0.08|0|99.85|0.15
1646837487|0.05|0.07|0|99.86|0.14
1646837547|0.05|0.08|0|99.86|0.14
1646837607|0.06|0.08|0|99.85|0.15
1646837667|0.07|0.08|0|99.84|0.16
1646840034|0.07|0.12|0|99.79|0.21
1646840094|0.03|0.05|0|99.91|0.09
1646840154|0.56|1.47|0|97.83|2.17
1646840214|0.14|0.12|0|99.68|0.32
1646840274|0.02|0.04|0|99.93|0.07
1646840334|0.01|0.06|0|99.92|0.08
1646840394|0.02|0.03|0|99.95|0.05
1646918736|20.00|20.00|0|60.00|40.00
1646918884|0.12|0.12|0|99.75|0.25
1646919144|0.23|0.34|0|99.27|0.73
1646919344|0.61|0.39|0|98.94|1.06
1646920248|0.26|0.38|0|99.23|0.77
1646920545|0.22|0.22|0|99.54|0.46
1646920615|0.11|0.11|0|99.76|0.24
1646920675|0.04|0.07|0|99.88|0.12
1646920735|0.04|0.03|0|99.92|0.08
1646920795|0.11|0.08|0|99.78|0.22
1646920855|0.05|0.05|0|99.89|0.11
1646920915|0.06|0.10|0|99.81|0.19
1646921167|0.26|0.15|0|99.59|0.41
